
Running 1 test using 1 worker

📄 Loaded event configuration file: /Users/Gopi.Sanagapalli/Downloads/PPV-End-to-End-Automation-main/config/events/aj_joshua_prenga.json
📊 excelReader configured path: data/PPV_Input.xlsx
💎 Tier      : ultimate
📋 Rate Plan : annual pay upfront
💡 Resolved fallback UPSELL_PRICE: $49.99
📦 eventData built: {
  "PPV_NAME": "Joshua vs. Prenga",
  "PPV_FULL_NAME": "Joshua vs. Prenga",
  "PPV_DISPLAY_NAME": "Joshua vs. Prenga",
  "SPORT": "Boxing",
  "PPV_TYPE": "normal",
  "PPV_PROMOTER": "Matchroom Boxing",
  "PPV_ENTITLEMENT_ID": "1i6erxcyf2xxc1dgx4h6l0e1h7",
  "PPV_DESCRIPTION": "Catch the biggest moment of the year. Select a DAZN plan to pair with your pay-per-view.",
  "PPV_UTC_DATE": "2025-07-25T19:00:00Z",
  "PPV_LOCATION": "Riyadh, Saudi Arabia",
  "PPV_DATE": "Sun 26th Jul at 00:30",
  "PPV_TIME": "00:30",
  "PPV_CARD_TITLE": "Joshua vs. Prenga",
  "PPV_CARD_DESCRIPTION": "Just the fight - plus 7 days of DAZN Standard, free",
  "BOXING_BANNER_SUBTITLE": "Main Event • 26 Jul • 12:30 am.",
  "BUNDLE_NAME": "The Contender Bundle",
  "BUNDLE_DESCRIPTION": "From Box Office to World Class. Two big fight nights in one bundle.",
  "BUNDLE_SAVE_BADGE": "Save 10%",
  "BUNDLE_DISCOUNT": "10% off",
  "BUNDLE_FIGHT_COUNT": "2-fight bundle",
  "BUNDLE_SECTION_TITLE": "Save with a fight bundle",
  "BUNDLE_SECTION_SUBTITLE": "More fights, pay less. Pick your bundle.",
  "BUNDLE_PPV_CARD_DESCRIPTION": "Just the fight - plus 7 days of DAZN Standard, free.",
  "BUNDLE_PPV1_NAME": "Joshua vs. Prenga",
  "BUNDLE_PPV1_FULL_NAME": "Joshua vs. Prenga",
  "BUNDLE_PPV1_DATE": "Sat 26th Jul at 00:30",
  "BUNDLE_PPV1_LANDING_DATE": "26 July",
  "BUNDLE_PPV2_NAME": "Zayas vs. Boots",
  "BUNDLE_PPV2_FULL_NAME": "Zayas vs. Boots",
  "BUNDLE_PPV2_LANDING_DATE": "27 June",
  "PPV_CTA_TEXT": "Continue with pay-per-view",
  "PLAN_PAGE_TITLE": "Choose a plan that's right for you|Choose the right plan for you|Choose the right plan for you.|Choose your plan|Choose a plan",
  "PLAN_CTA_BUTTON_STANDARD": "Continue with 7-day Free Trial",
  "PLAN_CTA_BUTTON_ULTIMATE": "Continue with DAZN Ultimate",
  "PPV_PAGE_TITLE": "Choose the right plan for you.",
  "PPV_PAGE_SUBTITLE": "To watch your pay-per-view, you'll need a DAZN plan.",
  "UPSELL_BADGE": "The Ultimate Fan Package",
  "UPSELL_OFFER_TEXT": "",
  "UPSELL_SECTION_HEADING": "All these fights included and more.",
  "UPSELL_FEATURE_1": "Minimum 12 pay-per-views a year included at no extra cost.",
  "UPSELL_FEATURE_2": "185+ fights a year from the world's best promoters.",
  "UPSELL_FEATURE_3": "HDR and Dolby 5.1 surround sound on select events.",
  "FLEX_BADGE": "7 DAY FREE TRIAL",
  "FLEX_DESCRIPTION": "Only pay for the fight. Cancel anytime before the end of the trial.",
  "FLEX_TODAY_TEXT": "Only pay for the fight and start your 7-day free trial of DAZN Standard",
  "FLEX_FUTURE_TEXT": "You will start your DAZN Standard plan at {{CURRENCY}}{{MONTHLY_PRICE}}/month. Cancel anytime before the end of the trial.",
  "ANNUAL_BADGE": "1 MONTH FREE",
  "ANNUAL_SAVINGS_BADGE": "SAVE $140.99 A YEAR",
  "ANNUAL_PRICE_TEXT": "then {{CURRENCY}}{{ANNUAL_PRICE}}/month for 11 months",
  "ANNUAL_FEATURE_1": "185+ fights a year from the world's best promoters.",
  "ANNUAL_FEATURE_2": "Additional cost for pay-per-view events.",
  "ANNUAL_FEATURE_3": "Full HD video resolution.",
  "ANNUAL_PAY_MONTHLY_CONTRACT_TEXT": "Annual contract. Auto renews.",
  "ANNUAL_PAY_UPFRONT_CONTRACT_TEXT": "",
  "PAYMENT_PAGE_TITLE_TRIAL": "Choose how to pay after your free trial",
  "PAYMENT_PAGE_TITLE_STANDARD": "Choose how to pay",
  "PAYMENT_FREE_TEXT_TRIAL": "7-days free",
  "PAYMENT_FREE_TEXT_MONTHLY": "First month free",
  "CANCELLATION_TEXT_TRIAL": "In 7 days, you'll be charged {{CURRENCY}}{{MONTHLY_PRICE}}/month. Cancel anytime before the end of the trial.",
  "CANCELLATION_TEXT_ANNUAL": "First month free, then {{CURRENCY}}{{ANNUAL_PRICE}}/month for 11 months ({{CURRENCY}}{{ANNUAL_TOTAL}} total over 12 months). 12-month minimum term. On {{RENEWAL_DATE}} your plan renews automatically|First month free, then {{CURRENCY}}{{ANNUAL_PRICE}}/month for 11 months",
  "CANCELLATION_TEXT_ULTIMATE_APM": "Your Annual (pay over time) plan will renew automatically on {{RENEWAL_DATE}}. Manage or cancel your annual renewal anytime in My Account. 12-month minimum term",
  "CANCELLATION_TEXT_ULTIMATE_APU": "You can cancel the renewal to this subscription in My Account. You will still have full access to DAZN until the end of your annual cycle.",
  "ULTIMATE_FEATURE_1": "Minimum 12 pay-per-views a year included at no extra cost.",
  "ULTIMATE_FEATURE_2": "Every match from Lega Serie A, and highlights from LALIGA, Bundesliga and the Saudi Pro League.",
  "ULTIMATE_FEATURE_3": "HDR and Dolby 5.1 surround sound on select events.",
  "UPSELL_CROSSED_PRICE": "N/A",
  "UPSELL_PRICE_LENGTH": "/month for 12 months",
  "PPV1_UPSELL_TILE_DATE": "25 July",
  "BUNDLE_MONTHLY_PRICE": "$39.99",
  "PLAN_DETAILS_FLEX_DESC": "Billed monthly. Cancel anytime.",
  "PLAN_DETAILS_ANNUAL_MONTHLY_DESC": "Annual contract. Auto renews.",
  "PLAN_DETAILS_ANNUAL_UPFRONT_DESC": "Annual contract. Auto renews. Pay for a year upfront to get the best value deal.",
  "PAYMENT_FLEX_CANCEL_NOTICE": "N/A",
  "PAYMENT_FLEX_LEGAL_TEXT": "N/A",
  "BASE_URL": "https://www.dazn.com/en-US",
  "CURRENCY": "$",
  "DAZN_TIER": "DAZN Ultimate",
  "OFFER_TYPE": "1_month_free",
  "MONTHLY_PRICE": "$30.99",
  "ANNUAL_PRICE": "$49.99",
  "ANNUAL_PAY_MONTHLY_PRICE": "$49.99",
  "ANNUAL_UPFRONT_PRICE": "$449.99",
  "ANNUAL_MONTHS": "12",
  "NEXT_PAYMENT_PRICE": "$449.99",
  "TRIAL_MONTHLY_PRICE": "$30.99",
  "UPFRONT_SAVE_AMOUNT": "149.89",
  "offers": [],
  "LANDING_PAGE_PPV_DATE": "25 July",
  "PPV_PRICE": "$59.99",
  "TODAY_YOU_PAY_PRICE": "$449.99",
  "UPSELL_PRICE": "$49.99",
  "BUNDLE_ORIGINAL_PRICE": "$44.98",
  "BUNDLE_PRICE": "$39.99",
  "BUNDLE_TODAY_YOU_PAY_STANDARD": "$39.99",
  "BUNDLE_PPV2_DATE": "Sat 27th Jun at 11:30",
  "NEXT_PAYMENT_DAYS_OFFSET": 30,
  "TIER": "ultimate",
  "RATE_PLAN": "annual pay upfront",
  "ACTIVE_OFFER_PRESENT": "false",
  "ACTIVE_OFFER_TYPE": "default",
  "ACTIVE_OFFER": null,
  "DISCOUNT_BADGE": "N/A",
  "PAYMENT_PLAN_LABEL": "Annual - Pay Upfront",
  "ULTIMATE_OFFER.enabled": "null",
  "ULTIMATE_OFFER.OFFER_PRICE": "",
  "ULTIMATE_OFFER.ORIGINAL_PRICE": "",
  "ULTIMATE_OFFER.DISCOUNT_BADGE": "",
  "ULTIMATE_OFFER.PLAN_LABEL": "",
  "ULTIMATE_OFFER.OFFER_DESCRIPTION": "",
  "ULTIMATE_OFFER.CANCELLATION_TEXT": "",
  "USER_STATE": "frozen",
  "SUBSCRIPTION_STATUS": "Resubscribe",
  "PPV_STATUS": "Buy now",
  "USER_EMAIL": "2usa@m.com",
  "USER_PASSWORD": "55555eE",
  "RATE_PLAN_LABEL": "Annual - Pay Upfront",
  "TODAY_DATE": "06/26/2026",
  "NEXT_PAYMENT_DATE": "06/26/2027",
  "RENEWAL_DATE": "06/26/2027",
  "ANNUAL_TOTAL": "$549.89",
  "FLEX_FUTURE_DATE": "In 1 month • 26 July 2026",
  "FIRST_NAME": "UAT",
  "LAST_NAME": "UAT",
  "UPSELL_ORIGINAL_PRICE": "$49.99",
  "OFFER_AVAILABLE": "false",
  "OFFER_EFFECTIVE_PPV_PRICE": "$59.99",
  "OFFER_ORIGINAL_PPV_PRICE": "$59.99",
  "OFFER_DISCOUNT_AMOUNT": "0",
  "OFFER_BADGE": "",
  "OFFER_DESCRIPTION": "",
  "PPV_PRICE_DISPLAY": "$59.99",
  "UPSELL_PRICE_DISPLAY": "$49.99",
  "UPSELL_SUB_TEXT": "Then $49.99 /month for 12 months.",
  "TRIAL_MONTHLY_TEXT": "$30.99",
  "ANNUAL_PAY_MONTHLY_PRICE_DISPLAY": "$49.99",
  "ANNUAL_UPFRONT_PRICE_DISPLAY": "$449.99",
  "UPFRONT_SAVE_AMOUNT_DISPLAY": "$149.89",
  "ANNUAL_TOTAL_DISPLAY": "$549.89",
  "OFFERS": [],
  "ULTIMATE_OFFER.ENABLED": "null"
}

🔀 Flow      : myaccount
🌍 Region    : US
🥊 Event     : Joshua vs. Prenga
💎 Tier      : ultimate
📋 Rate Plan : annual pay upfront
📁 Config    : aj_joshua_prenga.json
🔗 Base URL  : https://www.dazn.com/en-US

🌍 [HomePage] Navigating to Welcome page: https://www.dazn.com/en-US/welcome
🍪 Accepted cookies via fallback: button:has-text("Accept")
✅ [HomePage] Welcome page loaded: https://www.dazn.com/en-US/welcome
🔍 Looking for "Explore" button on welcome page...
📍 Found Explore button
✅ [HomePage] Home page loaded: https://www.dazn.com/en-US/home
✅ [Country Match Check] URL matches expected region "US": https://www.dazn.com/en-US/home

🎭 Dev mode flow detected — enabling dev mode on landing page...

═══════════════════════════════════════════════════
  🎭 ENABLING DEV MODE to bypass phone number page
═══════════════════════════════════════════════════

Original URL before dev mode: https://www.dazn.com/en-US/home
✅ Found search link — navigating via client-side click
✅ On search page: https://www.dazn.com/en-US/search
⌨️  Entering "[dev_mode_on]" in search...
